0

7
0 5
1 3
2 4
5 6
6 11
7 9
8 10

2
0 5    1
5 6    1

3
0 5
    2
    0 11
    0 6
5 6
    2
    0 11
    0 6
6 11
    1
    0 11
