25
0 1 13   4294967295 7 5
0 3 2   2 8 4294967295
0 6 3   3 13 1
0 7 6   4 14 2
0 12 7   5 20 3
0 13 12   0 22 4
1 2 14   4294967295 12 7
1 14 13   6 24 0
2 3 4   1 13 9
2 4 5   8 15 10
2 5 10   9 18 11
2 10 11   10 23 12
2 11 14   11 24 6
3 6 4   2 14 8
4 6 7   13 3 15
4 7 5   14 16 9
5 7 8   15 19 17
5 8 9   16 19 18
5 9 10   17 21 10
7 9 8   20 17 16
7 12 9   4 21 19
9 12 10   20 22 18
10 12 13   21 5 23
10 13 11   22 24 11
11 13 14   23 7 12

7
3 8
4 6
5 7
8 9
9 14
10 12
11 13

2
3 8    1
8 9    1

3
3 8
    2
    3 14
    3 9
8 9
    2
    3 14
    3 9
9 14
    1
    3 14
