20
0 3 12   4294967295 7 1
0 12 1   0 2 4294967295
1 12 2   1 5 4294967295
2 5 6   6 11 4
2 6 7   3 13 4294967295
2 12 13   2 10 6
2 13 5   5 8 3
3 4 12   4294967295 10 0
4 5 13   9 6 10
4 9 5   4294967295 11 8
4 13 12   8 5 7
5 9 6   9 12 3
6 9 14   11 17 13
6 14 7   12 14 4
7 14 8   13 15 4294967295
8 14 15   14 19 16
8 15 11   15 18 4294967295
9 10 14   4294967295 19 12
10 11 15   4294967295 16 19
10 15 14   18 15 17

15
0 12
1 12
2 13
3 12
4 13
5 6
5 13
6 14
7 14
8 15
9 14
10 15
11 15
12 13
14 15

7
0 12    1
5 6    1
5 13    1
6 14    0
11 15    0
12 13    1
14 15    0

15
0 12
    2
    0 11
    0 6
1 12
    1
    1 3
2 13
    1
    2 4
3 12
    1
    1 3
4 13
    1
    2 4
5 6
    2
    0 11
    0 6
5 13
    2
    0 11
    0 6
6 14
    1
    0 11
7 14
    1
    7 9
8 15
    1
    8 10
9 14
    1
    7 9
10 15
    1
    8 10
11 15
    1
    0 11
12 13
    2
    0 11
    0 6
14 15
    1
    0 11
