12
0 3 1   4294967295 1 4294967295
1 3 4   0 4294967295 2
1 4 2   1 3 4294967295
2 4 5   2 6 4
2 5 6   3 6 5
2 6 7   4 8 4294967295
4 6 5   7 4 3
4 9 6   4294967295 8 6
6 9 7   7 9 5
7 9 10   8 4294967295 10
7 10 8   9 11 4294967295
8 10 11   10 4294967295 4294967295

7
0 5
1 3
2 4
5 6
6 11
7 9
8 10

2
0 5    1
5 6    1

3
0 5
    2
    0 11
    0 6
5 6
    2
    0 11
    0 6
6 11
    1
    0 11
