12
0 1 9   4294967295 1 4294967295
1 2 9   2 4 0
1 3 2   4294967295 3 1
2 3 10   2 5 4
2 10 9   3 10 1
3 4 10   4294967295 4294967295 3
5 6 7   8 9 7
5 7 8   6 11 4294967295
5 9 6   4294967295 9 6
6 9 7   8 10 6
7 9 10   9 4 11
7 10 8   10 4294967295 7

12
0 1
0 9
1 2
2 3
3 4
4 10
5 6
5 9
6 7
7 8
8 10
9 10

0

0
