15
0 1 7   4294967295 6 3
0 3 2   2 7 4294967295
0 6 3   3 10 1
0 7 6   0 14 2
1 2 4   4294967295 8 5
1 4 5   4 12 6
1 5 7   5 13 0
2 3 8   1 9 8
2 8 4   7 9 4
3 4 8   11 8 7
3 6 9   2 14 11
3 9 4   10 12 9
4 9 5   11 13 5
5 9 7   12 14 6
6 7 9   3 13 10

5
3 4
3 9
4 9
5 9
6 9

2
3 9    0
5 9    0

4
3 9
    1
    3 5
4 9
    1
    4 6
5 9
    1
    3 5
6 9
    1
    4 6
