15
0 1 7   4294967295 5 4
0 3 2   2 6 4294967295
0 4 3   3 8 1
0 6 4   4 8 2
0 7 6   0 10 3
1 2 7   4294967295 7 0
2 3 9   1 12 7
2 9 7   6 14 5
3 4 6   2 3 10
3 5 8   11 13 12
3 6 7   8 4 11
3 7 5   10 13 9
3 8 9   9 14 6
5 7 8   11 14 9
7 9 8   7 12 13

1
3 7

0

0
