7
0 1 3   4294967295 4294967295 2
0 2 5   3 5 4
0 3 4   0 4294967295 3
0 4 2   2 5 1
0 5 6   1 6 4294967295
2 4 5   3 6 1
4 6 5   4294967295 4 5

1
0 4

0

0
