6
0 1 4   4294967295 3 2
0 2 6   2 4 4294967295
0 4 2   0 4 1
1 3 4   4294967295 4294967295 0
2 4 6   2 5 1
4 5 6   4294967295 4294967295 4

1
0 4

0

0
