17
0 1 6   4294967295 5 3
0 3 2   2 7 4294967295
0 4 3   3 9 1
0 6 4   0 12 2
1 2 8   4294967295 8 6
1 7 6   6 14 0
1 8 7   4 15 5
2 3 9   1 10 8
2 9 8   7 16 4
3 4 10   2 12 11
3 5 9   11 13 7
3 10 5   9 13 10
4 6 10   3 14 9
5 10 9   11 16 10
6 7 10   5 15 12
7 8 10   6 16 14
8 9 10   8 13 15

4
3 10
6 10
7 10
8 10

0

4
3 10
    1
    3 7
6 10
    1
    6 8
7 10
    1
    3 7
8 10
    1
    6 8
