27
0 1 11   4294967295 5 3
0 3 2   2 6 4294967295
0 4 3   3 8 1
0 11 4   0 15 2
1 2 12   4294967295 7 5
1 12 11   4 24 0
2 3 13   1 12 7
2 13 12   6 25 4
3 4 5   2 14 9
3 5 7   8 16 10
3 7 12   9 20 11
3 12 15   10 25 13
3 14 13   13 26 6
3 15 14   11 26 12
4 6 5   15 16 8
4 11 6   3 19 14
5 6 7   14 18 9
6 8 9   19 21 18
6 9 7   17 20 16
6 11 8   15 22 17
7 9 12   18 23 10
8 10 9   22 23 17
8 11 10   19 24 21
9 10 12   21 24 20
10 11 12   22 5 23
12 13 15   7 26 11
13 14 15   12 13 25

9
3 4
3 12
4 5
5 6
6 8
8 9
9 10
10 11
11 12

0

0
