20
0 4 7   4294967295 7 1
0 7 3   0 5 4294967295
1 2 6   4294967295 4 3
1 6 5   2 8 4294967295
2 3 6   4294967295 5 2
3 7 6   1 10 4
4 8 11   4294967295 13 7
4 11 7   6 11 0
5 6 10   3 10 9
5 10 9   8 14 4294967295
6 7 10   5 11 8
7 11 10   7 16 10
8 12 15   4294967295 19 13
8 15 11   12 16 6
9 10 14   9 17 15
9 14 13   14 18 4294967295
10 11 15   11 13 17
10 15 14   16 19 14
12 13 14   4294967295 15 19
12 14 15   18 17 12

19
0 3
0 4
1 2
1 5
2 3
4 7
4 8
5 6
5 9
6 7
8 11
8 12
9 10
9 13
10 11
12 13
12 15
13 14
14 15

5
4 8    1
5 9    1
8 12    2
9 13    2
12 13    3

7
0 4
    1
    0 1
1 5
    1
    0 1
4 8
    2
    0 1
    4 5
5 9
    2
    0 1
    4 5
8 12
    3
    0 1
    4 5
    8 9
9 13
    3
    0 1
    4 5
    8 9
12 13
    3
    0 1
    4 5
    8 9
