25
0 1 3   4294967295 4 1
0 3 6   0 9 2
0 6 2   1 6 4294967295
1 2 5   4294967295 6 5
1 4 3   5 7 0
1 5 4   3 10 4
2 6 5   2 12 3
3 4 7   4 11 8
3 7 10   7 18 9
3 10 6   8 12 1
4 5 8   5 13 11
4 8 7   10 15 7
5 6 10   6 9 14
5 9 8   14 19 10
5 10 9   12 21 13
7 8 12   11 20 17
7 11 14   17 23 18
7 12 11   15 23 16
7 14 10   16 22 8
8 9 13   13 21 20
8 13 12   19 24 15
9 10 13   14 22 19
10 14 13   18 24 21
11 12 14   17 24 16
12 13 14   20 22 23

12
3 4
3 6
4 5
5 6
7 8
7 10
8 9
9 10
11 12
11 14
12 13
13 14

4
7 8    1
7 10    1
8 9    1
9 10    1

0
