25
0 1 4   4294967295 5 2
0 3 6   2 10 3
0 4 3   0 7 1
0 6 2   1 6 4294967295
1 2 5   4294967295 6 5
1 5 4   4 11 0
2 6 5   3 12 4
3 4 8   2 11 9
3 7 10   9 17 10
3 8 7   7 15 8
3 10 6   8 14 1
4 5 8   5 13 7
5 6 9   6 14 13
5 9 8   12 18 11
6 10 9   10 21 12
7 8 11   9 19 16
7 11 14   15 24 17
7 14 10   16 21 8
8 9 13   13 22 20
8 12 11   20 23 15
8 13 12   18 23 19
9 10 14   14 17 22
9 14 13   21 24 18
11 12 13   19 20 24
11 13 14   23 22 16

12
3 4
3 6
4 5
5 6
7 8
7 10
8 9
9 10
11 12
11 14
12 13
13 14

4
7 8    1
7 10    1
8 9    1
9 10    1

0
