16
0 4 17   4294967295 4294967295 2
0 7 3   2 7 4294967295
0 17 7   0 4294967295 1
1 2 6   4294967295 6 4
1 6 16   3 4294967295 5
1 16 5   4 4294967295 4294967295
2 3 6   4294967295 7 3
3 7 6   1 4294967295 6
8 12 19   4294967295 14 4294967295
9 18 13   4294967295 15 4294967295
10 11 14   4294967295 12 11
10 14 18   10 15 4294967295
11 15 14   13 4294967295 10
11 19 15   4294967295 14 12
12 15 19   4294967295 13 8
13 18 14   9 11 4294967295

23
0 3
0 4
1 2
1 5
2 3
4 8
4 17
5 9
5 16
6 7
6 16
7 17
8 12
8 19
9 13
9 18
10 11
10 18
11 19
12 13
12 15
13 14
14 15

5
4 8    1
5 9    1
8 12    2
9 13    2
12 13    3

15
0 4
    1
    0 1
1 5
    1
    0 1
4 8
    2
    0 1
    4 5
4 17
    1
    4 7
5 9
    2
    0 1
    4 5
5 16
    1
    5 6
6 16
    1
    5 6
7 17
    1
    4 7
8 12
    3
    0 1
    4 5
    8 9
8 19
    1
    8 11
9 13
    3
    0 1
    4 5
    8 9
9 18
    1
    9 10
10 18
    1
    9 10
11 19
    1
    8 11
12 13
    3
    0 1
    4 5
    8 9
