15
0 1 4   4294967295 5 2
0 3 6   2 9 3
0 4 3   0 7 1
0 6 2   1 6 4294967295
1 2 5   4294967295 6 5
1 5 4   4 10 0
2 6 5   3 13 4
3 4 7   2 12 8
3 7 9   7 12 9
3 9 6   8 13 1
4 5 8   5 14 11
4 8 9   10 14 12
4 9 7   11 8 7
5 6 9   6 9 14
5 9 8   13 11 10

4
3 9
4 9
5 9
6 9

0

4
3 9
    1
    3 5
4 9
    1
    4 6
5 9
    1
    3 5
6 9
    1
    4 6
