7
0 2 1   1 4294967295 4294967295
0 7 2   2 6 0
0 8 7   4294967295 4294967295 1
2 4 3   4 4294967295 4294967295
2 5 4   5 4294967295 3
2 6 5   6 4294967295 4
2 7 6   1 4294967295 5

9
0 1
0 8
1 2
2 3
3 4
4 5
5 6
6 7
7 8

0

0
