19
0 1 10   4294967295 4 1
0 10 11   0 10 2
0 11 2   1 6 4294967295
1 2 9   4294967295 5 4
1 9 10   3 17 0
2 8 9   6 16 3
2 11 8   2 13 5
3 4 11   8 13 10
3 5 4   9 11 7
3 10 5   10 17 8
3 11 10   7 1 9
4 5 6   8 14 12
4 6 8   11 18 13
4 8 11   12 6 7
5 7 6   15 18 11
5 8 7   16 18 14
5 9 8   17 5 15
5 10 9   9 4 16
6 7 8   14 15 12

9
3 4
3 11
4 5
5 6
6 7
7 8
8 9
9 10
10 11

0

0
