18
0 7 9   5 16 1
0 9 12   0 4294967295 4
0 10 1   3 4294967295 4294967295
0 11 10   4 4294967295 2
0 12 11   1 4294967295 3
0 19 7   4294967295 17 0
2 5 15   7 13 4294967295
2 6 5   8 4294967295 6
2 7 6   9 4294967295 7
2 13 7   4294967295 15 8
3 18 4   4294967295 12 4294967295
4 17 5   12 14 4294967295
4 18 17   10 4294967295 11
5 16 15   14 4294967295 6
5 17 16   11 4294967295 13
7 13 14   9 4294967295 16
7 14 9   15 4294967295 0
7 19 8   5 4294967295 4294967295

20
0 1
0 19
1 10
2 13
2 15
3 4
3 18
4 5
5 6
6 7
7 8
8 19
9 12
9 14
10 11
11 12
13 14
15 16
16 17
17 18

0

14
0 19
    1
    0 8
1 10
    1
    1 2
2 13
    1
    1 2
2 15
    1
    2 3
3 18
    1
    2 3
8 19
    1
    0 8
9 12
    1
    1 2
9 14
    1
    1 2
10 11
    1
    1 2
11 12
    1
    1 2
13 14
    1
    1 2
15 16
    1
    2 3
16 17
    1
    2 3
17 18
    1
    2 3
