18
0 1 5   4294967295 4 2
0 4 7   2 11 3
0 5 4   0 8 1
0 7 3   1 5 4294967295
1 2 5   4294967295 6 0
2 3 7   4294967295 3 7
2 6 5   7 12 4
2 7 6   5 14 6
4 5 9   2 13 10
4 8 11   10 16 11
4 9 8   8 16 9
4 11 7   9 15 1
5 6 10   6 14 13
5 10 9   12 17 8
6 7 10   7 15 12
7 11 10   11 17 14
8 9 11   10 17 9
9 10 11   13 15 16

12
0 1
0 3
1 2
2 3
4 5
4 7
5 6
6 7
8 9
8 11
9 10
10 11

4
4 5    1
4 7    1
5 6    1
6 7    1

0
