16
0 1 5   4294967295 4 2
0 4 7   2 10 3
0 5 4   0 8 1
0 7 3   1 7 4294967295
1 2 5   4294967295 6 0
2 3 6   4294967295 7 6
2 6 5   5 11 4
3 7 6   3 14 5
4 5 8   2 12 9
4 8 11   8 4294967295 10
4 11 7   9 14 1
5 6 10   6 15 13
5 9 8   13 4294967295 8
5 10 9   11 4294967295 12
6 7 11   7 10 15
6 11 10   14 4294967295 11

12
0 1
0 3
1 2
2 3
4 5
4 7
5 6
6 7
8 9
8 11
9 10
10 11

4
4 5    1
4 7    1
5 6    1
6 7    1

0
