8
0 1 3   4294967295 2 1
0 3 7   0 5 4294967295
1 2 3   4294967295 3 0
2 4 3   4 5 2
2 5 4   4294967295 6 3
3 4 7   3 7 1
4 5 6   4 4294967295 7
4 6 7   6 4294967295 5

8
0 1
0 7
1 2
2 3
3 4
4 5
5 6
6 7

0

0
