17
0 1 3   4294967295 4 1
0 3 10   0 10 2
0 10 2   1 8 4294967295
1 2 9   4294967295 8 7
1 4 3   5 9 0
1 5 4   6 11 4
1 8 5   7 13 5
1 9 8   3 15 6
2 10 9   2 16 3
3 4 6   4 11 10
3 6 10   9 14 1
4 5 6   5 12 9
5 7 6   13 14 11
5 8 7   6 15 12
6 7 10   12 16 10
7 8 9   13 7 16
7 9 10   15 8 14

8
3 4
3 10
4 5
5 6
6 7
7 8
8 9
9 10

0

0
