8
0 1 3   4294967295 2 1
0 3 7   0 4 4294967295
1 2 3   4294967295 3 0
2 5 3   4294967295 5 2
3 4 7   5 7 1
3 5 4   3 6 4
4 5 6   5 4294967295 7
4 6 7   6 4294967295 4

8
0 1
0 7
1 2
2 3
3 4
4 5
5 6
6 7

0

0
