17
0 1 4   4294967295 5 2
0 3 10   2 11 3
0 4 3   0 9 1
0 10 2   1 8 4294967295
1 2 9   4294967295 8 7
1 5 4   6 12 0
1 8 5   7 14 5
1 9 8   4 15 6
2 10 9   3 16 4
3 4 6   2 12 10
3 6 7   9 13 11
3 7 10   10 16 1
4 5 6   5 13 9
5 7 6   14 10 12
5 8 7   6 15 13
7 8 9   14 7 16
7 9 10   15 8 11

8
3 4
3 10
4 5
5 6
6 7
7 8
8 9
9 10

0

0
