13
0 1 6   4294967295 4 2
0 5 2   2 6 4294967295
0 6 5   0 11 1
1 2 3   4294967295 5 4
1 3 6   3 8 0
2 4 3   6 7 3
2 5 4   1 9 5
3 4 8   5 10 8
3 8 6   7 12 4
4 5 7   6 11 10
4 7 8   9 12 7
5 6 7   2 12 9
6 8 7   8 10 11

7
3 4
3 6
3 8
4 5
5 6
5 7
7 8

1
7 8    1

3
3 8
    1
    3 7
5 7
    1
    5 8
7 8
    2
    5 8
    3 7
