6
0 3 1   4294967295 1 4294967295
1 3 2   0 2 4294967295
2 3 4   1 4294967295 3
2 4 5   2 4 4294967295
4 6 5   5 4294967295 3
4 7 6   4294967295 4294967295 4

9
0 1
0 3
1 2
2 3
3 4
4 5
4 7
5 6
6 7

1
3 4    1

3
0 3
    1
    0 7
3 4
    1
    0 7
4 7
    1
    0 7
