17
0 1 3   4294967295 7 1
0 3 4   0 11 2
0 4 5   1 12 3
0 5 8   2 14 4
0 8 9   3 15 5
0 9 2   4 10 4294967295
1 2 10   4294967295 10 9
1 6 3   8 11 0
1 7 6   9 13 7
1 10 7   6 16 8
2 9 10   5 16 6
3 6 4   7 12 1
4 6 5   11 13 2
5 6 7   12 8 14
5 7 8   13 15 3
7 9 8   16 4 14
7 10 9   9 10 15

9
3 4
3 6
4 5
5 6
6 7
7 8
7 10
8 9
9 10

1
6 7    1

3
3 6
    1
    3 10
6 7
    1
    3 10
7 10
    1
    3 10
