12
0 3 4   4294967295 4294967295 1
0 4 5   0 6 2
0 5 1   1 3 4294967295
1 5 2   2 4 4294967295
2 5 6   3 6 5
2 6 7   4 10 4294967295
4 6 5   7 4 1
4 9 6   4294967295 8 6
6 9 10   7 4294967295 9
6 10 11   8 4294967295 10
6 11 7   9 11 5
7 11 8   10 4294967295 4294967295

3
0 5
5 6
6 11

0

3
0 5
    1
    0 11
5 6
    1
    0 11
6 11
    1
    0 11
