17
0 1 7   4294967295 5 2
0 3 2   4 6 4294967295
0 7 8   0 15 3
0 8 10   2 16 4
0 10 3   3 12 1
1 2 7   4294967295 8 0
2 3 4   1 9 7
2 4 6   6 13 8
2 6 7   7 14 5
3 5 4   10 13 6
3 7 5   11 14 9
3 9 7   12 15 10
3 10 9   4 16 11
4 5 6   9 14 7
5 7 6   10 8 13
7 9 8   11 16 2
8 9 10   15 12 3

1
3 7

0

0
