8
0 2 1   1 4 4294967295
0 4 2   2 5 0
0 6 4   3 6 1
0 7 6   4294967295 7 2
1 2 3   0 5 4294967295
2 4 3   1 4294967295 4
4 6 5   2 7 4294967295
5 6 7   6 3 4294967295

1
0 4

0

0
