13
0 1 6   4294967295 6 3
0 4 2   4 5 4294967295
0 5 7   3 12 4
0 6 5   0 11 2
0 7 4   2 10 1
1 2 4   4294967295 1 7
1 3 6   7 9 0
1 4 3   5 8 6
3 4 8   7 10 9
3 8 6   8 11 6
4 7 8   4 12 8
5 6 8   3 9 12
5 8 7   11 10 2

0

0

0
