13
0 1 3   4294967295 7 1
0 3 6   0 9 4
0 4 2   5 6 4294967295
0 5 7   4 12 5
0 6 5   1 11 3
0 7 4   3 10 2
1 2 4   4294967295 2 7
1 4 3   6 8 0
3 4 8   7 10 9
3 8 6   8 11 1
4 7 8   5 12 8
5 6 8   4 9 12
5 8 7   11 10 3

0

0

0
