15
0 1 3   4294967295 4 1
0 3 9   0 10 2
0 9 2   1 8 4294967295
1 2 5   4294967295 6 5
1 4 3   5 9 0
1 5 4   3 11 4
2 6 5   7 12 3
2 8 6   8 13 6
2 9 8   2 14 7
3 4 7   4 11 10
3 7 9   9 14 1
4 5 7   5 12 9
5 6 7   6 13 11
6 8 7   7 14 12
7 8 9   13 8 10

7
3 4
3 9
4 5
5 6
6 7
7 8
8 9

0

0
