17
0 1 7   4294967295 4 2
0 3 2   3 5 4294967295
0 7 10   0 16 3
0 10 3   2 12 1
1 2 7   4294967295 7 0
2 3 4   1 9 6
2 4 6   5 13 7
2 6 7   6 13 4
3 5 7   10 14 9
3 7 4   8 13 5
3 8 5   11 14 8
3 9 8   12 15 10
3 10 9   3 16 11
4 7 6   9 7 6
5 8 7   10 15 8
7 8 9   14 11 16
7 9 10   15 12 2

1
3 7

0

0
