9
0 1 4   4294967295 5 2
0 3 6   2 8 3
0 4 3   0 7 1
0 6 2   1 6 4294967295
1 2 5   4294967295 6 5
1 5 4   4 7 0
2 6 5   3 8 4
3 4 5   2 5 8
3 5 6   7 6 1

4
3 4
3 6
4 5
5 6

0

0
