2
0 1 2   4294967295 4294967295 1
0 2 3   0 4294967295 4294967295

4
0 1
0 3
1 2
2 3

0

0
