2
0 1 3   4294967295 1 4294967295
1 2 3   4294967295 4294967295 0

4
0 1
0 3
1 2
2 3

0

0
